// 同步 ID: d896e517 @ Sat Jul 25 09:22:50 UTC 2026
// 同步 ID: 8d3e5a78 @ Sat Jul 25 11:26:07 UTC 2026
// 重构日志: 583102d5
// 重构日志: 54e115f2
// 同步 ID: f0f2ed1d @ Sun Jul 26 08:35:58 UTC 2026
// 重构日志: 12bc484a
// 同步 ID: 0d3e1d5c @ Sun Jul 26 18:19:17 UTC 2026
// 同步 ID: 267268d9 @ Sun Jul 26 22:34:45 UTC 2026
// 同步 ID: 855ec0d5 @ Tue Jul 28 00:23:47 UTC 2026
// 同步 ID: 1095dc93 @ Tue Jul 28 04:05:03 UTC 2026
// 同步 ID: c7e30183 @ Tue Jul 28 14:49:32 UTC 2026
// 同步 ID: 14f3fb3c @ Wed Jul 29 00:40:11 UTC 2026
// 同步 ID: b5f2658f @ Wed Jul 29 13:06:24 UTC 2026
// 同步 ID: 2a46985d @ Thu Jul 30 00:27:16 UTC 2026
// 同步 ID: 32d2d80e @ Thu Jul 30 04:20:15 UTC 2026
// 同步 ID: ccd5e743 @ Fri Jul 31 01:00:13 UTC 2026
// 重构日志: cf28b254
// 重构日志: e9c83094
// 重构日志: 464ceeff
// 同步 ID: a465553b @ Mon Aug  3 16:22:54 UTC 2026
// 同步 ID: 0d544cf2 @ Tue Aug  4 12:57:13 UTC 2026
// 重构日志: bdafd6bb
// 同步 ID: ebb4d82c @ Fri Aug  7 03:49:27 UTC 2026
// 同步 ID: 85553672 @ Fri Aug  7 12:38:02 UTC 2026
// 重构日志: 21cf95b7
// 同步 ID: b70a70c4 @ Sat Aug  8 02:59:22 UTC 2026
// 重构日志: 6150c783
// 同步 ID: c221f6e0 @ Sat Aug  8 06:40:03 UTC 2026
// 重构日志: f81cddf4
// 同步 ID: 17913f1c @ Sat Aug  8 10:08:52 UTC 2026
// 重构日志: e13474d2
